Traceback (most recent call last):
  File "D:\ai-lab\fase2\.venv\Lib\site-packages\transformers\utils\import_utils.py", line 2207, in __getattr__
    module = self._get_module(self._class_to_module[name])
             ^^^^^^^^^^^^^^^^^^^^^^^^^^^^^^^^^^^^^^^^^^^^^
  File "D:\ai-lab\fase2\.venv\Lib\site-packages\transformers\utils\import_utils.py", line 2441, in _get_module
    raise e
  File "D:\ai-lab\fase2\.venv\Lib\site-packages\transformers\utils\import_utils.py", line 2439, in _get_module
    return importlib.import_module("." + module_name, self.__name__)
           ^^^^^^^^^^^^^^^^^^^^^^^^^^^^^^^^^^^^^^^^^^^^^^^^^^^^^^^^^
  File "~\AppData\Roaming\uv\python\cpython-3.12-windows-x86_64-none\Lib\importlib\__init__.py", line 90, in import_module
    return _bootstrap._gcd_import(name[level:], package, level)
           ^^^^^^^^^^^^^^^^^^^^^^^^^^^^^^^^^^^^^^^^^^^^^^^^^^^^
  File "<frozen importlib._bootstrap>", line 1387, in _gcd_import
  File "<frozen importlib._bootstrap>", line 1360, in _find_and_load
  File "<frozen importlib._bootstrap>", line 1331, in _find_and_load_unlocked
  File "<frozen importlib._bootstrap>", line 935, in _load_unlocked
  File "<frozen importlib._bootstrap_external>", line 999, in exec_module
  File "<frozen importlib._bootstrap>", line 488, in _call_with_frames_removed
  File "D:\ai-lab\fase2\.venv\Lib\site-packages\transformers\models\bloom\modeling_bloom.py", line 26, in <module>
    from ...modeling_layers import GradientCheckpointingLayer
  File "D:\ai-lab\fase2\.venv\Lib\site-packages\transformers\modeling_layers.py", line 27, in <module>
    from .processing_utils import Unpack
  File "D:\ai-lab\fase2\.venv\Lib\site-packages\transformers\processing_utils.py", line 79, in <module>
    from .modeling_utils import PreTrainedAudioTokenizerBase
  File "D:\ai-lab\fase2\.venv\Lib\site-packages\transformers\modeling_utils.py", line 94, in <module>
    from .quantizers import HfQuantizer
  File "D:\ai-lab\fase2\.venv\Lib\site-packages\transformers\quantizers\__init__.py", line 14, in <module>
    from .auto import AutoHfQuantizer, AutoQuantizationConfig, register_quantization_config, register_quantizer
  File "D:\ai-lab\fase2\.venv\Lib\site-packages\transformers\quantizers\auto.py", line 67, in <module>
    from .quantizer_torchao import TorchAoHfQuantizer
  File "D:\ai-lab\fase2\.venv\Lib\site-packages\transformers\quantizers\quantizer_torchao.py", line 41, in <module>
    from torchao.prototype.safetensors.safetensors_support import (
  File "D:\ai-lab\fase2\.venv\Lib\site-packages\torchao\__init__.py", line 107, in <module>
    from torchao.quantization import (
  File "D:\ai-lab\fase2\.venv\Lib\site-packages\torchao\quantization\__init__.py", line 24, in <module>
    from .quant_api import (
  File "D:\ai-lab\fase2\.venv\Lib\site-packages\torchao\quantization\quant_api.py", line 35, in <module>
    from torchao.float8.config import e4m3_dtype
  File "D:\ai-lab\fase2\.venv\Lib\site-packages\torchao\float8\__init__.py", line 13, in <module>
    from torchao.float8.float8_linear_utils import (
  File "D:\ai-lab\fase2\.venv\Lib\site-packages\torchao\float8\float8_linear_utils.py", line 14, in <module>
    from torchao.float8.float8_linear import Float8Linear
  File "D:\ai-lab\fase2\.venv\Lib\site-packages\torchao\float8\float8_linear.py", line 15, in <module>
    from torchao.float8.distributed_utils import tensor_already_casted_to_fp8
  File "D:\ai-lab\fase2\.venv\Lib\site-packages\torchao\float8\distributed_utils.py", line 8, in <module>
    import torch.distributed._functional_collectives as funcol
  File "D:\ai-lab\fase2\.venv\Lib\site-packages\torch\distributed\_functional_collectives.py", line 9, in <module>
    import torch.distributed.distributed_c10d as c10d
  File "D:\ai-lab\fase2\.venv\Lib\site-packages\torch\distributed\distributed_c10d.py", line 25, in <module>
    from torch._C._distributed_c10d import (
ModuleNotFoundError: No module named 'torch._C._distributed_c10d'; 'torch._C' is not a package

The above exception was the direct cause of the following exception:

Traceback (most recent call last):
  File "D:\ai-lab\fase2\.venv\Lib\site-packages\transformers\utils\import_utils.py", line 2207, in __getattr__
    module = self._get_module(self._class_to_module[name])
             ^^^^^^^^^^^^^^^^^^^^^^^^^^^^^^^^^^^^^^^^^^^^^
  File "D:\ai-lab\fase2\.venv\Lib\site-packages\transformers\utils\import_utils.py", line 2441, in _get_module
    raise e
  File "D:\ai-lab\fase2\.venv\Lib\site-packages\transformers\utils\import_utils.py", line 2439, in _get_module
    return importlib.import_module("." + module_name, self.__name__)
           ^^^^^^^^^^^^^^^^^^^^^^^^^^^^^^^^^^^^^^^^^^^^^^^^^^^^^^^^^
  File "~\AppData\Roaming\uv\python\cpython-3.12-windows-x86_64-none\Lib\importlib\__init__.py", line 90, in import_module
    return _bootstrap._gcd_import(name[level:], package, level)
           ^^^^^^^^^^^^^^^^^^^^^^^^^^^^^^^^^^^^^^^^^^^^^^^^^^^^
  File "<frozen importlib._bootstrap>", line 1387, in _gcd_import
  File "<frozen importlib._bootstrap>", line 1360, in _find_and_load
  File "<frozen importlib._bootstrap>", line 1331, in _find_and_load_unlocked
  File "<frozen importlib._bootstrap>", line 935, in _load_unlocked
  File "<frozen importlib._bootstrap_external>", line 999, in exec_module
  File "<frozen importlib._bootstrap>", line 488, in _call_with_frames_removed
  File "D:\ai-lab\fase2\.venv\Lib\site-packages\transformers\training_args.py", line 27, in <module>
    from .trainer_utils import (
  File "D:\ai-lab\fase2\.venv\Lib\site-packages\transformers\trainer_utils.py", line 66, in <module>
    from peft import PeftMixedModel, PeftModel
  File "D:\ai-lab\fase2\.venv\Lib\site-packages\peft\__init__.py", line 17, in <module>
    from .auto import (
  File "D:\ai-lab\fase2\.venv\Lib\site-packages\peft\auto.py", line 31, in <module>
    from .config import PeftConfig
  File "D:\ai-lab\fase2\.venv\Lib\site-packages\peft\config.py", line 30, in <module>
    from .utils import CONFIG_NAME, PeftType, TaskType
  File "D:\ai-lab\fase2\.venv\Lib\site-packages\peft\utils\__init__.py", line 15, in <module>
    from .constants import ALLOWED_COMPUTE_DTYPES, UPCAST_DTYPES
  File "D:\ai-lab\fase2\.venv\Lib\site-packages\peft\utils\constants.py", line 16, in <module>
    from transformers import BloomPreTrainedModel
  File "D:\ai-lab\fase2\.venv\Lib\site-packages\transformers\utils\import_utils.py", line 2295, in __getattr__
    raise ModuleNotFoundError(
ModuleNotFoundError: Could not import module 'BloomPreTrainedModel'. Are this object's requirements defined correctly?

The above exception was the direct cause of the following exception:

Traceback (most recent call last):
  File "D:\ai-lab\fase2\.venv\Lib\site-packages\trl\import_utils.py", line 156, in _get_module
    return importlib.import_module("." + module_name, self.__name__)
           ^^^^^^^^^^^^^^^^^^^^^^^^^^^^^^^^^^^^^^^^^^^^^^^^^^^^^^^^^
  File "~\AppData\Roaming\uv\python\cpython-3.12-windows-x86_64-none\Lib\importlib\__init__.py", line 90, in import_module
    return _bootstrap._gcd_import(name[level:], package, level)
           ^^^^^^^^^^^^^^^^^^^^^^^^^^^^^^^^^^^^^^^^^^^^^^^^^^^^
  File "<frozen importlib._bootstrap>", line 1387, in _gcd_import
  File "<frozen importlib._bootstrap>", line 1360, in _find_and_load
  File "<frozen importlib._bootstrap>", line 1331, in _find_and_load_unlocked
  File "<frozen importlib._bootstrap>", line 935, in _load_unlocked
  File "<frozen importlib._bootstrap_external>", line 999, in exec_module
  File "<frozen importlib._bootstrap>", line 488, in _call_with_frames_removed
  File "D:\ai-lab\fase2\.venv\Lib\site-packages\trl\trainer\sft_config.py", line 18, in <module>
    from transformers import TrainingArguments
  File "D:\ai-lab\fase2\.venv\Lib\site-packages\transformers\utils\import_utils.py", line 2295, in __getattr__
    raise ModuleNotFoundError(
ModuleNotFoundError: Could not import module 'TrainingArguments'. Are this object's requirements defined correctly?

The above exception was the direct cause of the following exception:

Traceback (most recent call last):
  File "D:\ai-lab\fase2\train_qwen35.py", line 33, in <module>
    from trl import SFTConfig, SFTTrainer  # noqa: E402
    ^^^^^^^^^^^^^^^^^^^^^^^^^^^^^^^^^^^^^
  File "<frozen importlib._bootstrap>", line 1412, in _handle_fromlist
  File "D:\ai-lab\fase2\.venv\Lib\site-packages\trl\import_utils.py", line 147, in __getattr__
    value = getattr(module, name)
            ^^^^^^^^^^^^^^^^^^^^^
  File "D:\ai-lab\fase2\.venv\Lib\site-packages\trl\import_utils.py", line 146, in __getattr__
    module = self._get_module(self._class_to_module[name])
             ^^^^^^^^^^^^^^^^^^^^^^^^^^^^^^^^^^^^^^^^^^^^^
  File "D:\ai-lab\fase2\.venv\Lib\site-packages\trl\import_utils.py", line 158, in _get_module
    raise RuntimeError(
RuntimeError: Failed to import trl.trainer.sft_config because of the following error (look up to see its traceback):
Could not import module 'TrainingArguments'. Are this object's requirements defined correctly?
